[24-Sep-2024 20:43:00 Europe/Berlin] ===== Script Started =====
[24-Sep-2024 20:43:00 Europe/Berlin] UserType: user, UserID: 1
[24-Sep-2024 20:43:00 Europe/Berlin] Form Data: Array
(
    [itemCode] => 1008
    [itemName] => printer
    [itemQuantity] => 6
    [itemDate] => 2024-09-25
    [itemValue] => fdbd
    [itemDescription] => 6
    [totalValue] => 6
    [category] => Office Supplies
)

[24-Sep-2024 20:43:00 Europe/Berlin] Formatted Date Acquired: 2024-09-25
[24-Sep-2024 20:43:00 Europe/Berlin] File uploaded successfully: ../uploads/vic.jpg
[24-Sep-2024 20:43:00 Europe/Berlin] Inserting into inventory_request: mysqli_stmt Object
(
    [affected_rows] => 0
    [insert_id] => 0
    [num_rows] => 0
    [param_count] => 3
    [field_count] => 0
    [errno] => 0
    [error] => 
    [error_list] => Array
        (
        )

    [sqlstate] => 00000
    [id] => 1
)

[24-Sep-2024 20:43:00 Europe/Berlin] InventoryReqID: 30
[24-Sep-2024 20:43:00 Europe/Berlin] Transaction committed successfully.
[24-Sep-2024 20:44:59 Europe/Berlin] ===== Script Started =====
[24-Sep-2024 20:44:59 Europe/Berlin] UserType: user, UserID: 1
[24-Sep-2024 20:44:59 Europe/Berlin] Form Data: Array
(
    [itemCode] => 1009
    [itemName] => Laptop
    [itemQuantity] => 6
    [itemDate] => 2024-09-25
    [itemValue] => 6
    [itemDescription] => hthtgfh
    [totalValue] => 36.00
    [category] => Furniture
)

[24-Sep-2024 20:44:59 Europe/Berlin] Formatted Date Acquired: 2024-09-25
[24-Sep-2024 20:44:59 Europe/Berlin] File uploaded successfully: ../uploads/vic.jpg
[24-Sep-2024 20:44:59 Europe/Berlin] Inserting into inventory_request: mysqli_stmt Object
(
    [affected_rows] => 0
    [insert_id] => 0
    [num_rows] => 0
    [param_count] => 3
    [field_count] => 0
    [errno] => 0
    [error] => 
    [error_list] => Array
        (
        )

    [sqlstate] => 00000
    [id] => 1
)

[24-Sep-2024 20:44:59 Europe/Berlin] InventoryReqID: 31
[24-Sep-2024 20:44:59 Europe/Berlin] Transaction committed successfully.
[24-Sep-2024 20:48:22 Europe/Berlin] ===== Script Started =====
[24-Sep-2024 20:48:22 Europe/Berlin] UserType: admin, UserID: 7
[24-Sep-2024 20:48:22 Europe/Berlin] Form Data: Array
(
    [itemCode] => 1010
    [itemName] => printer
    [itemQuantity] => 7
    [itemDate] => 2024-09-25
    [itemValue] => 3
    [itemDescription] => bfb df
    [totalValue] => 21.00
    [category] => Office Supplies
)

[24-Sep-2024 20:48:22 Europe/Berlin] Formatted Date Acquired: 2024-09-25
[24-Sep-2024 20:48:22 Europe/Berlin] File uploaded successfully: ../uploads/academic_departments.png
[24-Sep-2024 20:48:22 Europe/Berlin] Admin Insert Operation
[24-Sep-2024 20:48:22 Europe/Berlin] Item successfully added to inventory.
[24-Sep-2024 20:51:06 Europe/Berlin] ===== Script Started =====
[24-Sep-2024 20:51:06 Europe/Berlin] UserType: admin, UserID: 7
[24-Sep-2024 20:51:06 Europe/Berlin] Form Data: Array
(
    [itemCode] => 1011
    [itemName] => bfdfbd
    [itemQuantity] => 7
    [itemDate] => 2024-09-25
    [itemValue] => 3
    [itemDescription] => hnnyn
    [totalValue] => 21.00
    [category] => Furniture
)

[24-Sep-2024 20:51:06 Europe/Berlin] Formatted Date Acquired: 2024-09-25
[24-Sep-2024 20:51:06 Europe/Berlin] File uploaded successfully: ../uploads/academic_departments.png
[24-Sep-2024 20:51:06 Europe/Berlin] Admin Insert Operation
[24-Sep-2024 20:51:06 Europe/Berlin] Item successfully added to inventory.
[24-Sep-2024 21:05:52 Europe/Berlin] ===== Script Started =====
[24-Sep-2024 21:05:52 Europe/Berlin] UserType: user, UserID: 1
[24-Sep-2024 21:05:52 Europe/Berlin] Form Data: Array
(
    [itemCode] => 1000
    [itemName] => Laptop
    [itemQuantity] => 6
    [itemDate] => 2024-09-25
    [itemValue] => 6
    [itemDescription] => sgsgs
    [totalValue] => 36.00
    [category] => Office Supplies
)

[24-Sep-2024 21:05:52 Europe/Berlin] Formatted Date Acquired: 2024-09-25
[24-Sep-2024 21:05:52 Europe/Berlin] File uploaded successfully: ../uploads/vic.jpg
[24-Sep-2024 21:05:52 Europe/Berlin] Inserting into inventory_request: mysqli_stmt Object
(
    [affected_rows] => 0
    [insert_id] => 0
    [num_rows] => 0
    [param_count] => 3
    [field_count] => 0
    [errno] => 0
    [error] => 
    [error_list] => Array
        (
        )

    [sqlstate] => 00000
    [id] => 1
)

[24-Sep-2024 21:05:52 Europe/Berlin] InventoryReqID: 41
[24-Sep-2024 21:05:52 Europe/Berlin] Transaction committed successfully.
[24-Sep-2024 21:06:46 Europe/Berlin] ===== Script Started =====
[24-Sep-2024 21:06:46 Europe/Berlin] UserType: admin, UserID: 7
[24-Sep-2024 21:06:46 Europe/Berlin] Form Data: Array
(
    [itemCode] => 1001
    [itemName] => Laptop
    [itemQuantity] => 6
    [itemDate] => 
    [itemValue] => 6
    [itemDescription] => rthrh
    [totalValue] => 36.00
    [category] => Office Supplies
)

[24-Sep-2024 21:06:46 Europe/Berlin] Date Acquired is empty or invalid.
[24-Sep-2024 21:06:46 Europe/Berlin] File uploaded successfully: ../uploads/vic.jpg
[24-Sep-2024 21:06:46 Europe/Berlin] Admin Insert Operation
[24-Sep-2024 21:06:46 Europe/Berlin] PHP Fatal error:  Uncaught mysqli_sql_exception: Column 'dateAcquired' cannot be null in C:\xampp\htdocs\inventory&property-accountability\backend\add-item-query.php:96
Stack trace:
#0 C:\xampp\htdocs\inventory&property-accountability\backend\add-item-query.php(96): mysqli_stmt->execute()
#1 {main}
  thrown in C:\xampp\htdocs\inventory&property-accountability\backend\add-item-query.php on line 96
[24-Sep-2024 21:11:26 Europe/Berlin] ===== Script Started =====
[24-Sep-2024 21:11:26 Europe/Berlin] UserType: admin, UserID: 7
[24-Sep-2024 21:11:26 Europe/Berlin] Form Data: Array
(
    [itemCode] => 1001
    [itemName] => Laptop
    [itemQuantity] => 6
    [itemDate] => 
    [itemValue] => 6
    [itemDescription] => rthrh
    [totalValue] => 36.00
    [category] => Office Supplies
)

[24-Sep-2024 21:11:26 Europe/Berlin] Date Acquired is empty or invalid.
[24-Sep-2024 21:11:26 Europe/Berlin] File uploaded successfully: ../uploads/vic.jpg
[24-Sep-2024 21:11:26 Europe/Berlin] Admin Insert Operation
[24-Sep-2024 21:11:26 Europe/Berlin] PHP Fatal error:  Uncaught mysqli_sql_exception: Column 'dateAcquired' cannot be null in C:\xampp\htdocs\inventory&property-accountability\backend\add-item-query.php:96
Stack trace:
#0 C:\xampp\htdocs\inventory&property-accountability\backend\add-item-query.php(96): mysqli_stmt->execute()
#1 {main}
  thrown in C:\xampp\htdocs\inventory&property-accountability\backend\add-item-query.php on line 96
[24-Sep-2024 21:11:42 Europe/Berlin] ===== Script Started =====
[24-Sep-2024 21:11:42 Europe/Berlin] UserType: admin, UserID: 7
[24-Sep-2024 21:11:42 Europe/Berlin] Form Data: Array
(
    [itemCode] => 1001
    [itemName] => Laptop
    [itemQuantity] => 6
    [itemDate] => 2024-09-25
    [itemValue] => 6
    [itemDescription] => rthrh
    [totalValue] => 36.00
    [category] => Office Supplies
)

[24-Sep-2024 21:11:42 Europe/Berlin] Formatted Date Acquired: 2024-09-25
[24-Sep-2024 21:11:42 Europe/Berlin] File uploaded successfully: ../uploads/vic.jpg
[24-Sep-2024 21:11:42 Europe/Berlin] Admin Insert Operation
[24-Sep-2024 21:11:42 Europe/Berlin] Item successfully added to inventory.
